Test 1 passed.
Test 2 passed.
Test 3 passed.
Test 4 passed.
Test 5 passed.
Test 6 passed.
Test 7 passed.
Test 8 passed.
Test 9 passed.
Test 10 passed.
All tests passed successfully.
.
1 passed in 0.81s
